<?xml version="1.0" encoding="UTF-8"?>
<TestRun id="7eb80fc3-fa98-46ed-b64f-47e5cf39e65a" name="Alexander Sokol@ALEXANDER 2014-02-06 15:52:40" runUser="Alexander\Alexander Sokol" xmlns="http://microsoft.com/schemas/VisualStudio/TeamTest/2010">
  <TestSettings name="Local" id="48618850-8929-4e54-a07f-47a2ec2b7884">
    <Description>These are default test settings for a local test run.</Description>
    <Deployment enabled="false" runDeploymentRoot="Alexander Sokol_ALEXANDER 2014-02-06 15_52_40">
      <DeploymentItem filename="C:\Users\Alexander Sokol\Documents\Visual Studio 2010\Projects\PrattParser\PrattParser\bin\Debug\PrattParser.exe" />
    </Deployment>
    <Execution>
      <TestTypeSpecific />
      <AgentRule name="Execution Agents">
      </AgentRule>
    </Execution>
  </TestSettings>
  <Times creation="2014-02-06T15:52:40.3264904+01:00" queuing="2014-02-06T15:52:40.4845873+01:00" start="2014-02-06T15:52:40.5025986+01:00" finish="2014-02-06T15:52:40.7507735+01:00" />
  <ResultSummary outcome="Failed">
    <Counters total="1" executed="1" error="0" failed="1" timeout="0" aborted="0" inconclusive="0" passedButRunAborted="0" notRunnable="0" notExecuted="0" disconnected="0" warning="0" passed="0" completed="0" inProgress="0" pending="0" />
  </ResultSummary>
  <TestDefinitions>
    <UnitTest name="BadTokenTest" storage="c:\users\alexander sokol\documents\visual studio 2010\projects\prattparser\testproject1\bin\debug\testproject1.dll" id="d02c1ad5-6c6f-12df-5685-b5c4512bdd03">
      <Execution id="a786e90e-ff20-4ae7-81f3-e9a797c2a8e2" />
      <TestMethod codeBase="C:/Users/Alexander Sokol/Documents/Visual Studio 2010/Projects/PrattParser/TestProject1/bin/Debug/TestProject1.DLL" adapterTypeName="Microsoft.VisualStudio.TestTools.TestTypes.Unit.UnitTestAdapter, Microsoft.VisualStudio.QualityTools.Tips.UnitTest.Adapter, Version=10.0.0.0, Culture=neutral, PublicKeyToken=b03f5f7f11d50a3a" className="PrattParser.Test.LexerEnumeratorTest, TestProject1, Version=1.0.0.0, Culture=neutral, PublicKeyToken=null" name="BadTokenTest" />
    </UnitTest>
  </TestDefinitions>
  <TestLists>
    <TestList name="Results Not in a List" id="8c84fa94-04c1-424b-9868-57a2d4851a1d" />
    <TestList name="All Loaded Results" id="19431567-8539-422a-85d7-44ee4e166bda" />
  </TestLists>
  <TestEntries>
    <TestEntry testId="d02c1ad5-6c6f-12df-5685-b5c4512bdd03" executionId="a786e90e-ff20-4ae7-81f3-e9a797c2a8e2" testListId="8c84fa94-04c1-424b-9868-57a2d4851a1d" />
  </TestEntries>
  <Results>
    <UnitTestResult executionId="a786e90e-ff20-4ae7-81f3-e9a797c2a8e2" testId="d02c1ad5-6c6f-12df-5685-b5c4512bdd03" testName="BadTokenTest" computerName="ALEXANDER" duration="00:00:00.0384126" startTime="2014-02-06T15:52:40.5076026+01:00" endTime="2014-02-06T15:52:40.7117581+01:00" testType="13cdc9d9-ddb5-4fa4-a97d-d965ccfc6d4b" outcome="Failed" testListId="8c84fa94-04c1-424b-9868-57a2d4851a1d" relativeResultsDirectory="a786e90e-ff20-4ae7-81f3-e9a797c2a8e2">
      <Output>
        <ErrorInfo>
          <Message>Assert.Fail failed. Reached EOF token in spite of unidentifiable tokens</Message>
          <StackTrace>   ved PrattParser.Test.LexerEnumeratorTest.BadTokenTest() i C:\Users\Alexander Sokol\Documents\Visual Studio 2010\Projects\PrattParser\TestProject1\LexerEnumeratorTest.cs:linje 153
</StackTrace>
        </ErrorInfo>
      </Output>
    </UnitTestResult>
  </Results>
</TestRun>